// Jest Snapshot v1, https://goo.gl/fbAQLP

exports[`Wrapper component should render successfully 1`] = `
<div
  className="o-wrapper"
>
  <Component />
  <main
    className="o-main"
  >
    <Component
      className=""
    />
    Test content
  </main>
</div>
`;
