// Jest Snapshot v1, https://goo.gl/fbAQLP

exports[`NotFound component should render successfully 1`] = `
<Component>
  <div
    className="c-not-found"
  >
    404 
    <br />
    Page not found
  </div>
</Component>
`;
